// Jest Snapshot v1, https://goo.gl/fbAQLP

exports[`Autocomplete should render correctly 1`] = `
<div
  class="sc-bdnxRM iWitlZ"
>
  <div
    class="sc-dlnjwi cSrDLl"
  >
    <label
      class="sc-eCApnc fahIwV"
      for="downshift-0-input"
      id="downshift-0-label"
    >
      text
    </label>
    <div
      aria-expanded="false"
      aria-haspopup="listbox"
      aria-owns="downshift-0-menu"
      class="sc-gtsrHT gIlwKp"
      role="combobox"
    >
      <input
        aria-autocomplete="list"
        aria-controls="downshift-0-menu"
        aria-labelledby="downshift-0-label"
        autocomplete="off"
        class="sc-hKFxyN daVEHi"
        id="downshift-0-input"
        placeholder="input"
        value=""
      />
    </div>
  </div>
  <div
    aria-labelledby="downshift-0-label"
    id="downshift-0-menu"
    role="listbox"
  >
    <ul>
      <li
        data-testid="option"
      >
        Matias
      </li>
      <li
        data-testid="option"
      >
        Martin
      </li>
      <li
        data-testid="option"
      >
        Charles
      </li>
    </ul>
  </div>
</div>
`;
