// Jest Snapshot v1, https://goo.gl/fbAQLP

exports[`Header should match the snapshot 1`] = `
<div
  class="sc-dlnjwi hAvndu"
>
  <div
    class="sc-hKFxyN effxTH"
  >
    <div
      class="sc-eCApnc iXMvPy"
    >
      <div
        class="sc-jSFjdj kcHInj"
        data-testid="menu"
      >
        <svg
          data-testid="icon"
          fill="currentColor"
          height="1em"
          stroke="currentColor"
          stroke-width="0"
          viewBox="0 0 448 512"
          width="1em"
          xmlns="http://www.w3.org/2000/svg"
        >
          <path
            d="M16 132h416c8.837 0 16-7.163 16-16V76c0-8.837-7.163-16-16-16H16C7.163 60 0 67.163 0 76v40c0 8.837 7.163 16 16 16zm0 160h416c8.837 0 16-7.163 16-16v-40c0-8.837-7.163-16-16-16H16c-8.837 0-16 7.163-16 16v40c0 8.837 7.163 16 16 16zm0 160h416c8.837 0 16-7.163 16-16v-40c0-8.837-7.163-16-16-16H16c-8.837 0-16 7.163-16 16v40c0 8.837 7.163 16 16 16z"
          />
        </svg>
      </div>
      <div
        class="sc-gKAaRy fzAOkR"
      >
        <a
          class="sc-iCoGMd iaZHzH"
          href="/"
        >
          <svg>
            logo.svg
          </svg>
        </a>
      </div>
    </div>
    <div
      class="sc-fujyAs islHaU"
    >
      <span
        class="sc-jrsJWt fPUaef"
      >
        welcome
         
        Matias
      </span>
      <img
        alt="Avatar"
        class="sc-pNWdM hQKEDH"
        src="avatar.jpeg"
      />
      <div
        class="sc-bdnxRM iJoJsd"
      >
        <button
          class="sc-gtsrHT gLvTEs"
        >
          EN
        </button>
        <button
          class="sc-gtsrHT bIpGJm"
        >
          ES
        </button>
      </div>
    </div>
  </div>
</div>
`;
